// 重构日志: d0a2da1e
// 重构日志: d95a8684
// 重构日志: 92855ac7
// 重构日志: e33514c0
// 重构日志: 0bc2df22
// 同步 ID: 1406335f @ Sun Jul 26 17:29:24 UTC 2026
// 重构日志: 5a2cb29c
// 同步 ID: e1fab342 @ Mon Jul 27 09:38:24 UTC 2026
// 重构日志: 5dc2ba93
// 重构日志: afac14cb
// 同步 ID: 4705b424 @ Wed Jul 29 12:50:05 UTC 2026
// 重构日志: 3851edca
// 重构日志: 5b387c86
// 同步 ID: 2dbe6aee @ Thu Jul 30 15:22:55 UTC 2026
// 同步 ID: 37c005b3 @ Thu Jul 30 20:42:06 UTC 2026
// 重构日志: ec6b62cb
// 重构日志: aabe2d8b
// 重构日志: 19b4b9cd
// 同步 ID: 622624a9 @ Fri Jul 31 20:52:30 UTC 2026
// 重构日志: f5e296c2
// 重构日志: 07cc618c
// 重构日志: 5dd337d9
// 重构日志: 81544f83
// 重构日志: 34d86aec
// 重构日志: 06ee264a
// 重构日志: 63c49086
// 同步 ID: 738c8348 @ Wed Aug  5 18:39:38 UTC 2026
// 重构日志: d5802c40
// 同步 ID: 295ef963 @ Sat Aug  8 09:11:36 UTC 2026
// 同步 ID: 918bfb98 @ Sat Aug  8 12:35:06 UTC 2026
